2021-08-14 10:31:37.394936: I tensorflow/stream_executor/platform/default/dso_loader.cc:49] Successfully opened dynamic library libcudart.so.11.0
2021-08-14 10:31:37.804270: I tensorflow/core/platform/cpu_feature_guard.cc:142] This TensorFlow binary is optimized with oneAPI Deep Neural Network Library (oneDNN) to use the following CPU instructions in performance-critical operations:  SSE4.1 SSE4.2 AVX AVX2 FMA
To enable them in other operations, rebuild TensorFlow with the appropriate compiler flags.
2021-08-14 10:31:37.804655: I tensorflow/stream_executor/platform/default/dso_loader.cc:49] Successfully opened dynamic library libcuda.so.1
2021-08-14 10:31:37.806347: I tensorflow/core/common_runtime/gpu/gpu_device.cc:1720] Found device 0 with properties: 
pciBusID: 0000:81:00.0 name: NVIDIA A100-PCIE-40GB computeCapability: 8.0
coreClock: 1.41GHz coreCount: 108 deviceMemorySize: 39.59GiB deviceMemoryBandwidth: 1.41TiB/s
2021-08-14 10:31:37.806371: I tensorflow/stream_executor/platform/default/dso_loader.cc:49] Successfully opened dynamic library libcudart.so.11.0
2021-08-14 10:31:37.836505: I tensorflow/stream_executor/platform/default/dso_loader.cc:49] Successfully opened dynamic library libcublas.so.11
2021-08-14 10:31:37.836559: I tensorflow/stream_executor/platform/default/dso_loader.cc:49] Successfully opened dynamic library libcublasLt.so.11
2021-08-14 10:31:37.841333: I tensorflow/stream_executor/platform/default/dso_loader.cc:49] Successfully opened dynamic library libcufft.so.10
2021-08-14 10:31:37.845363: I tensorflow/stream_executor/platform/default/dso_loader.cc:49] Successfully opened dynamic library libcurand.so.10
2021-08-14 10:31:37.886949: I tensorflow/stream_executor/platform/default/dso_loader.cc:49] Successfully opened dynamic library libcusolver.so.11
2021-08-14 10:31:37.891753: I tensorflow/stream_executor/platform/default/dso_loader.cc:49] Successfully opened dynamic library libcusparse.so.11
2021-08-14 10:31:37.892381: I tensorflow/stream_executor/platform/default/dso_loader.cc:49] Successfully opened dynamic library libcudnn.so.8
2021-08-14 10:31:37.895214: I tensorflow/core/common_runtime/gpu/gpu_device.cc:1862] Adding visible gpu devices: 0
2021-08-14 10:31:37.895248: I tensorflow/stream_executor/platform/default/dso_loader.cc:49] Successfully opened dynamic library libcudart.so.11.0
2021-08-14 10:31:38.872503: I tensorflow/core/common_runtime/gpu/gpu_device.cc:1261] Device interconnect StreamExecutor with strength 1 edge matrix:
2021-08-14 10:31:38.872591: I tensorflow/core/common_runtime/gpu/gpu_device.cc:1267]      0 
2021-08-14 10:31:38.872607: I tensorflow/core/common_runtime/gpu/gpu_device.cc:1280] 0:   N 
2021-08-14 10:31:38.878234: I tensorflow/core/common_runtime/gpu/gpu_device.cc:1406] Created TensorFlow device (/job:localhost/replica:0/task:0/device:GPU:0 with 36482 MB memory) -> physical GPU (device: 0, name: NVIDIA A100-PCIE-40GB, pci bus id: 0000:81:00.0, compute capability: 8.0)
2021-08-14 10:31:38.955826: I tensorflow/core/platform/profile_utils/cpu_utils.cc:112] CPU Frequency: 2595395000 Hz
2021-08-14 10:31:39.030059: I tensorflow/core/common_runtime/gpu/gpu_device.cc:1720] Found device 0 with properties: 
pciBusID: 0000:81:00.0 name: NVIDIA A100-PCIE-40GB computeCapability: 8.0
coreClock: 1.41GHz coreCount: 108 deviceMemorySize: 39.59GiB deviceMemoryBandwidth: 1.41TiB/s
2021-08-14 10:31:39.030114: I tensorflow/stream_executor/platform/default/dso_loader.cc:49] Successfully opened dynamic library libcudart.so.11.0
2021-08-14 10:31:39.030136: I tensorflow/stream_executor/platform/default/dso_loader.cc:49] Successfully opened dynamic library libcublas.so.11
2021-08-14 10:31:39.030146: I tensorflow/stream_executor/platform/default/dso_loader.cc:49] Successfully opened dynamic library libcublasLt.so.11
2021-08-14 10:31:39.030156: I tensorflow/stream_executor/platform/default/dso_loader.cc:49] Successfully opened dynamic library libcufft.so.10
2021-08-14 10:31:39.030166: I tensorflow/stream_executor/platform/default/dso_loader.cc:49] Successfully opened dynamic library libcurand.so.10
2021-08-14 10:31:39.030483: I tensorflow/stream_executor/platform/default/dso_loader.cc:49] Successfully opened dynamic library libcusolver.so.11
2021-08-14 10:31:39.030493: I tensorflow/stream_executor/platform/default/dso_loader.cc:49] Successfully opened dynamic library libcusparse.so.11
2021-08-14 10:31:39.030504: I tensorflow/stream_executor/platform/default/dso_loader.cc:49] Successfully opened dynamic library libcudnn.so.8
2021-08-14 10:31:39.033144: I tensorflow/core/common_runtime/gpu/gpu_device.cc:1862] Adding visible gpu devices: 0
2021-08-14 10:31:39.033178: I tensorflow/core/common_runtime/gpu/gpu_device.cc:1261] Device interconnect StreamExecutor with strength 1 edge matrix:
2021-08-14 10:31:39.033186: I tensorflow/core/common_runtime/gpu/gpu_device.cc:1267]      0 
2021-08-14 10:31:39.033193: I tensorflow/core/common_runtime/gpu/gpu_device.cc:1280] 0:   N 
2021-08-14 10:31:39.035865: I tensorflow/core/common_runtime/gpu/gpu_device.cc:1406] Created TensorFlow device (/job:localhost/replica:0/task:0/device:GPU:0 with 36482 MB memory) -> physical GPU (device: 0, name: NVIDIA A100-PCIE-40GB, pci bus id: 0000:81:00.0, compute capability: 8.0)
2021-08-14 10:31:40.462185: I tensorflow/stream_executor/platform/default/dso_loader.cc:49] Successfully opened dynamic library libcublas.so.11
2021-08-14 10:31:41.065913: I tensorflow/stream_executor/platform/default/dso_loader.cc:49] Successfully opened dynamic library libcublasLt.so.11
slurmstepd: error: *** JOB 35600294 ON della-i14g15 CANCELLED AT 2021-08-15T10:36:59 DUE TO TIME LIMIT ***
